2025-09-26 12:33:57,805 - [INFO] [MainThread] (test:26) module 'serial' has no attribute 'Serial'
